core_cm4.h:2064:26:ITM_SendChar	16	static,ignoring_inline_asm
main.c:75:5:_write	32	static
main.c:84:6:HAL_TIM_PeriodElapsedCallback	16	static
main.c:95:6:init	8	static
main.c:107:5:main	8	static
main.c:160:6:SystemClock_Config	88	static
main.c:212:13:MX_ADC1_Init	24	static
main.c:269:13:MX_I2C3_Init	8	static
main.c:303:13:MX_SPI3_Init	8	static
main.c:341:13:MX_TIM2_Init	48	static
main.c:390:13:MX_TIM4_Init	56	static
main.c:439:13:MX_TIM6_Init	16	static
main.c:475:13:MX_DMA_Init	16	static
main.c:493:13:MX_GPIO_Init	48	static
main.c:539:6:Error_Handler	4	static,ignoring_inline_asm
