core_cm4.h:2064:26:ITM_SendChar	16	static,ignoring_inline_asm
main.c:75:5:_write	32	static
main.c:84:6:HAL_TIM_PeriodElapsedCallback	16	static
main.c:95:6:init	8	static
main.c:107:5:main	8	static
main.c:159:6:SystemClock_Config	88	static
main.c:211:13:MX_ADC1_Init	24	static
main.c:268:13:MX_I2C3_Init	8	static
main.c:302:13:MX_SPI3_Init	8	static
main.c:340:13:MX_TIM2_Init	48	static
main.c:389:13:MX_TIM4_Init	56	static
main.c:438:13:MX_TIM6_Init	16	static
main.c:474:13:MX_DMA_Init	16	static
main.c:492:13:MX_GPIO_Init	48	static
main.c:538:6:Error_Handler	4	static,ignoring_inline_asm
